nohup: ignoring input
== Prokka: /home/himek/miniconda3/envs/prokka_env/bin/prokka (prokka 1.14.6)
== annotating 107 genomes (tiers: primary,quality-review), 3 jobs x 2 cpus
  [  1/107] GCF_000008725.1 skipped (already done)
  [  2/107] GCF_000012125.1 skipped (already done)
  [  3/107] GCF_000026905.1 skipped (already done)
  [  4/107] GCF_000026925.1 ok (44s)
  [  5/107] GCF_000068525.2 ok (43s)
  [  6/107] GCF_000068585.1 ok (43s)
  [  7/107] GCF_000092485.1 ok (46s)
  [  8/107] GCF_000092665.1 ok (46s)
  [  9/107] GCF_000092685.1 ok (45s)
  [ 10/107] GCF_000092705.1 ok (47s)
  [ 11/107] GCF_000092725.1 ok (47s)
  [ 12/107] GCF_000092745.1 ok (47s)
  [ 13/107] GCF_000092805.1 ok (47s)
  [ 14/107] GCF_000093005.1 ok (48s)
  [ 15/107] GCF_000173475.1 ok (47s)
  [ 16/107] GCF_000173495.1 ok (49s)
  [ 17/107] GCF_000173515.1 ok (48s)
  [ 18/107] GCF_000173535.1 ok (49s)
  [ 19/107] GCF_000174055.1 ok (48s)
  [ 20/107] GCF_000210495.1 ok (48s)
  [ 21/107] GCF_000220105.1 ok (47s)
  [ 22/107] GCF_000226605.1 ok (51s)
  [ 23/107] GCF_000284475.1 ok (50s)
  [ 24/107] GCF_000304495.1 ok (51s)
  [ 25/107] GCF_000304515.1 ok (50s)
  [ 26/107] GCF_000304535.1 ok (49s)
  [ 27/107] GCF_000318525.1 ok (49s)
  [ 28/107] GCF_000318565.1 ok (48s)
  [ 29/107] GCF_000318645.1 ok (48s)
  [ 30/107] GCF_000318765.1 ok (49s)
  [ 31/107] GCF_000318785.1 ok (51s)
  [ 32/107] GCF_000318825.1 ok (50s)
  [ 33/107] GCF_000318845.1 ok (50s)
  [ 34/107] GCF_000318865.1 ok (51s)
  [ 35/107] GCF_000318885.1 ok (51s)
  [ 36/107] GCF_000318905.1 ok (52s)
  [ 37/107] GCF_000318925.1 ok (50s)
  [ 38/107] GCF_000318985.1 ok (49s)
  [ 39/107] GCF_000319105.1 ok (49s)
  [ 40/107] GCF_000364765.1 ok (48s)
  [ 41/107] GCF_000364785.1 ok (48s)
  [ 42/107] GCF_000441585.1 ok (48s)
  [ 43/107] GCF_000441615.1 ok (47s)
  [ 44/107] GCF_000441635.1 ok (49s)
  [ 45/107] GCF_000441655.1 ok (47s)
  [ 46/107] GCF_000441675.1 ok (49s)
  [ 47/107] GCF_000441695.1 ok (49s)
  [ 48/107] GCF_000441715.1 ok (51s)
  [ 49/107] GCF_000441735.1 ok (52s)
  [ 50/107] GCF_000441755.1 ok (50s)
  [ 51/107] GCF_000441795.1 ok (49s)
  [ 52/107] GCF_000441815.1 ok (49s)
  [ 53/107] GCF_000507225.1 ok (50s)
  [ 54/107] GCF_000590575.1 ok (50s)
  [ 55/107] GCF_000590615.1 ok (53s)
  [ 56/107] GCF_000590635.1 ok (53s)
  [ 57/107] GCF_000590675.1 ok (52s)
  [ 58/107] GCF_000590755.1 ok (48s)
  [ 59/107] GCF_000971705.1 ok (47s)
  [ 60/107] GCF_000971725.1 ok (47s)
  [ 61/107] GCF_001183765.1 ok (50s)
  [ 62/107] GCF_001183805.1 ok (51s)
  [ 63/107] GCF_001183825.1 ok (50s)
  [ 64/107] GCF_001183845.1 ok (49s)
  [ 65/107] GCF_001655335.1 ok (50s)
  [ 66/107] GCF_001655375.1 ok (49s)
  [ 67/107] GCF_001655415.1 ok (50s)
  [ 68/107] GCF_001655455.1 ok (51s)
  [ 69/107] GCF_001655495.1 ok (50s)
  [ 70/107] GCF_001655535.1 ok (49s)
  [ 71/107] GCF_001655575.1 ok (49s)
  [ 72/107] GCF_001885175.1 ok (49s)
  [ 73/107] GCF_002776745.1 ok (48s)
  [ 74/107] GCF_002776795.1 ok (48s)
  [ 75/107] GCF_002776845.1 ok (48s)
  [ 76/107] GCF_002776885.1 ok (49s)
  [ 77/107] GCF_002776955.1 ok (49s)
  [ 78/107] GCF_002776975.1 ok (49s)
  [ 79/107] GCF_002776995.1 ok (49s)
  [ 80/107] GCF_002777015.1 ok (50s)
  [ 81/107] GCF_002777035.1 ok (50s)
  [ 82/107] GCF_002777055.1 ok (50s)
  [ 83/107] GCF_002777075.1 ok (50s)
  [ 84/107] GCF_002777095.1 ok (50s)
  [ 85/107] GCF_002777135.1 ok (48s)
  [ 86/107] GCF_002777155.1 ok (48s)
  [ 87/107] GCF_025723025.1 ok (48s)
  [ 88/107] GCF_036285905.1 ok (50s)
  [ 89/107] GCF_047414635.1 ok (49s)
  [ 90/107] GCF_047416045.1 ok (49s)
  [ 91/107] GCF_047416055.1 ok (49s)
  [ 92/107] GCF_047416065.1 ok (49s)
  [ 93/107] GCF_047417355.1 ok (49s)
  [ 94/107] GCF_047417365.1 ok (48s)
  [ 95/107] GCF_047417375.1 ok (49s)
  [ 96/107] GCF_047418505.1 ok (49s)
  [ 97/107] GCF_047418515.1 ok (48s)
  [ 98/107] GCF_047418525.1 ok (48s)
  [ 99/107] GCF_047419415.1 ok (48s)
  [100/107] GCF_047419425.1 ok (47s)
  [101/107] GCF_047419435.1 ok (47s)
  [102/107] GCF_047420685.1 ok (47s)
  [103/107] GCF_047420695.1 ok (50s)
  [104/107] GCF_047420705.1 ok (49s)
  [105/107] GCF_047421435.1 ok (50s)
  [106/107] GCF_047421445.1 ok (44s)
  [107/107] GCF_059083935.1 ok (44s)
== finished in 28.4 min; failures: none

== CDS per genome: median 897, min 887, max 925 (107 annotated)
== flagged CDS-count outliers: 0
wrote results/annotation/annotation_summary.tsv
